#! /usr/bin/vvp
:ivl_version "12.0 (stable)";
:ivl_delay_selection "TYPICAL";
:vpi_time_precision + 0;
:vpi_module "/usr/lib64/ivl/system.vpi";
:vpi_module "/usr/lib64/ivl/vhdl_sys.vpi";
:vpi_module "/usr/lib64/ivl/vhdl_textio.vpi";
:vpi_module "/usr/lib64/ivl/v2005_math.vpi";
:vpi_module "/usr/lib64/ivl/va_math.vpi";
S_0x561d2d501f70 .scope module, "Decoder" "Decoder" 2 1;
 .timescale 0 0;
    .port_info 0 /INPUT 5 "code";
    .port_info 1 /OUTPUT 32 "decoded";
    .port_info 2 /INPUT 1 "clock";
o0x7fa8a60e7018 .functor BUFZ 1, C4<z>; HiZ drive
v0x561d2d503f00_0 .net "clock", 0 0, o0x7fa8a60e7018;  0 drivers
o0x7fa8a60e7048 .functor BUFZ 5, C4<zzzzz>; HiZ drive
v0x561d2d529860_0 .net "code", 4 0, o0x7fa8a60e7048;  0 drivers
v0x561d2d529940_0 .var "decoded", 31 0;
v0x561d2d529a00_0 .var/i "i", 31 0;
E_0x561d2d506fe0 .event posedge, v0x561d2d503f00_0;
S_0x561d2d502100 .scope module, "testDatapath" "testDatapath" 2 89;
 .timescale 0 0;
v0x561d2d52b9a0_0 .var "RegDst", 0 0;
v0x561d2d52ba90_0 .var "RegWrite", 0 0;
v0x561d2d52bb30_0 .var "clock", 0 0;
v0x561d2d52bc20_0 .net "data1", 31 0, L_0x561d2d4f7340;  1 drivers
v0x561d2d52bd10_0 .net "data2", 31 0, L_0x561d2d4f73b0;  1 drivers
v0x561d2d52be50_0 .var "instruction", 31 0;
v0x561d2d52bf10_0 .var "writeData", 31 0;
S_0x561d2d529b60 .scope module, "uut" "Datapath" 2 145, 2 45 0, S_0x561d2d502100;
 .timescale 0 0;
    .port_info 0 /INPUT 32 "instruction";
    .port_info 1 /INPUT 1 "RegDst";
    .port_info 2 /INPUT 1 "RegWrite";
    .port_info 3 /INPUT 32 "writeData";
    .port_info 4 /OUTPUT 32 "data1";
    .port_info 5 /OUTPUT 32 "data2";
    .port_info 6 /INPUT 1 "clock";
v0x561d2d52b040_0 .net "RegDst", 0 0, v0x561d2d52b9a0_0;  1 drivers
v0x561d2d52b120_0 .net "RegWrite", 0 0, v0x561d2d52ba90_0;  1 drivers
v0x561d2d52b1e0_0 .net "clock", 0 0, v0x561d2d52bb30_0;  1 drivers
v0x561d2d52b280_0 .net "data1", 31 0, L_0x561d2d4f7340;  alias, 1 drivers
v0x561d2d52b320_0 .net "data2", 31 0, L_0x561d2d4f73b0;  alias, 1 drivers
v0x561d2d52b3c0_0 .net "instruction", 31 0, v0x561d2d52be50_0;  1 drivers
v0x561d2d52b460_0 .net "readRegister1", 4 0, L_0x561d2d52c000;  1 drivers
v0x561d2d52b500_0 .net "readRegister2", 4 0, L_0x561d2d52c160;  1 drivers
v0x561d2d52b5a0_0 .net "readRegister3", 4 0, L_0x561d2d52c250;  1 drivers
v0x561d2d52b640_0 .net "writeData", 31 0, v0x561d2d52bf10_0;  1 drivers
v0x561d2d52b730_0 .net "writeReg", 4 0, L_0x561d2d52c380;  1 drivers
o0x7fa8a60e7408 .functor BUFZ 5, C4<zzzzz>; HiZ drive
v0x561d2d52b7f0_0 .net "writeRegister", 4 0, o0x7fa8a60e7408;  0 drivers
L_0x561d2d52c000 .part v0x561d2d52be50_0, 21, 5;
L_0x561d2d52c160 .part v0x561d2d52be50_0, 16, 5;
L_0x561d2d52c250 .part v0x561d2d52be50_0, 11, 5;
L_0x561d2d52c380 .functor MUXZ 5, L_0x561d2d52c250, L_0x561d2d52c160, v0x561d2d52b9a0_0, C4<>;
S_0x561d2d529df0 .scope module, "registers" "Registerfile" 2 75, 2 21 0, S_0x561d2d529b60;
 .timescale 0 0;
    .port_info 0 /INPUT 5 "read1";
    .port_info 1 /INPUT 5 "read2";
    .port_info 2 /INPUT 5 "write_register";
    .port_info 3 /INPUT 32 "write_data";
    .port_info 4 /OUTPUT 32 "read_data_1";
    .port_info 5 /OUTPUT 32 "read_data_2";
    .port_info 6 /INPUT 1 "reg_write";
    .port_info 7 /INPUT 1 "clock";
L_0x561d2d4f7340 .functor BUFZ 32, L_0x561d2d52c4a0, C4<00000000000000000000000000000000>, C4<00000000000000000000000000000000>, C4<00000000000000000000000000000000>;
L_0x561d2d4f73b0 .functor BUFZ 32, L_0x561d2d52c6d0, C4<00000000000000000000000000000000>, C4<00000000000000000000000000000000>, C4<00000000000000000000000000000000>;
v0x561d2d52a150 .array "RF", 0 31, 31 0;
v0x561d2d52a230_0 .net *"_ivl_0", 31 0, L_0x561d2d52c4a0;  1 drivers
v0x561d2d52a310_0 .net *"_ivl_10", 6 0, L_0x561d2d52c770;  1 drivers
L_0x7fa8a609e060 .functor BUFT 1, C4<00>, C4<0>, C4<0>, C4<0>;
v0x561d2d52a3d0_0 .net *"_ivl_13", 1 0, L_0x7fa8a609e060;  1 drivers
v0x561d2d52a4b0_0 .net *"_ivl_2", 6 0, L_0x561d2d52c540;  1 drivers
L_0x7fa8a609e018 .functor BUFT 1, C4<00>, C4<0>, C4<0>, C4<0>;
v0x561d2d52a5e0_0 .net *"_ivl_5", 1 0, L_0x7fa8a609e018;  1 drivers
v0x561d2d52a6c0_0 .net *"_ivl_8", 31 0, L_0x561d2d52c6d0;  1 drivers
v0x561d2d52a7a0_0 .net "clock", 0 0, v0x561d2d52bb30_0;  alias, 1 drivers
v0x561d2d52a860_0 .var/i "i", 31 0;
v0x561d2d52a940_0 .net "read1", 4 0, L_0x561d2d52c000;  alias, 1 drivers
v0x561d2d52aa20_0 .net "read2", 4 0, L_0x561d2d52c160;  alias, 1 drivers
v0x561d2d52ab00_0 .net "read_data_1", 31 0, L_0x561d2d4f7340;  alias, 1 drivers
v0x561d2d52abe0_0 .net "read_data_2", 31 0, L_0x561d2d4f73b0;  alias, 1 drivers
v0x561d2d52acc0_0 .net "reg_write", 0 0, v0x561d2d52ba90_0;  alias, 1 drivers
v0x561d2d52ad80_0 .net "write_data", 31 0, v0x561d2d52bf10_0;  alias, 1 drivers
v0x561d2d52ae60_0 .net "write_register", 4 0, o0x7fa8a60e7408;  alias, 0 drivers
E_0x561d2d508550 .event posedge, v0x561d2d52a7a0_0;
L_0x561d2d52c4a0 .array/port v0x561d2d52a150, L_0x561d2d52c540;
L_0x561d2d52c540 .concat [ 5 2 0 0], L_0x561d2d52c000, L_0x7fa8a609e018;
L_0x561d2d52c6d0 .array/port v0x561d2d52a150, L_0x561d2d52c770;
L_0x561d2d52c770 .concat [ 5 2 0 0], L_0x561d2d52c160, L_0x7fa8a609e060;
    .scope S_0x561d2d501f70;
T_0 ;
    %wait E_0x561d2d506fe0;
    %pushi/vec4 0, 0, 32;
    %store/vec4 v0x561d2d529a00_0, 0, 32;
T_0.0 ;
    %load/vec4 v0x561d2d529a00_0;
    %cmpi/s 32, 0, 32;
    %jmp/0xz T_0.1, 5;
    %load/vec4 v0x561d2d529a00_0;
    %pushi/vec4 2, 0, 32;
    %mod/s;
    %cmpi/ne 0, 0, 32;
    %flag_get/vec4 4;
    %jmp/0 T_0.7, 4;
    %load/vec4 v0x561d2d529860_0;
    %parti/s 1, 0, 2;
    %and;
T_0.7;
    %flag_set/vec4 11;
    %jmp/1 T_0.6, 11;
    %load/vec4 v0x561d2d529a00_0;
    %pushi/vec4 2, 0, 32;
    %mod/s;
    %nor/r;
    %flag_set/vec4 13;
    %flag_get/vec4 13;
    %jmp/0 T_0.8, 13;
    %load/vec4 v0x561d2d529860_0;
    %parti/s 1, 0, 2;
    %nor/r;
    %and;
T_0.8;
    %flag_set/vec4 12;
    %flag_or 11, 12;
T_0.6;
    %flag_get/vec4 11;
    %jmp/0 T_0.5, 11;
    %load/vec4 v0x561d2d529a00_0;
    %pushi/vec4 2, 0, 32;
    %div/s;
    %pushi/vec4 2, 0, 32;
    %mod/s;
    %cmpi/ne 0, 0, 32;
    %flag_get/vec4 4;
    %jmp/0 T_0.10, 4;
    %load/vec4 v0x561d2d529860_0;
    %parti/s 1, 1, 2;
    %and;
T_0.10;
    %flag_set/vec4 11;
    %flag_get/vec4 11;
    %jmp/1 T_0.9, 11;
    %load/vec4 v0x561d2d529a00_0;
    %pushi/vec4 2, 0, 32;
    %div/s;
    %pushi/vec4 2, 0, 32;
    %mod/s;
    %nor/r;
    %flag_set/vec4 11;
    %flag_get/vec4 11;
    %jmp/0 T_0.11, 11;
    %load/vec4 v0x561d2d529860_0;
    %parti/s 1, 1, 2;
    %nor/r;
    %and;
T_0.11;
    %or;
T_0.9;
    %and;
T_0.5;
    %flag_set/vec4 10;
    %flag_get/vec4 10;
    %jmp/0 T_0.4, 10;
    %load/vec4 v0x561d2d529a00_0;
    %pushi/vec4 4, 0, 32;
    %div/s;
    %pushi/vec4 2, 0, 32;
    %mod/s;
    %cmpi/ne 0, 0, 32;
    %flag_get/vec4 4;
    %jmp/0 T_0.13, 4;
    %load/vec4 v0x561d2d529860_0;
    %parti/s 1, 2, 3;
    %and;
T_0.13;
    %flag_set/vec4 10;
    %flag_get/vec4 10;
    %jmp/1 T_0.12, 10;
    %load/vec4 v0x561d2d529a00_0;
    %pushi/vec4 4, 0, 32;
    %div/s;
    %pushi/vec4 2, 0, 32;
    %mod/s;
    %nor/r;
    %flag_set/vec4 10;
    %flag_get/vec4 10;
    %jmp/0 T_0.14, 10;
    %load/vec4 v0x561d2d529860_0;
    %parti/s 1, 2, 3;
    %nor/r;
    %and;
T_0.14;
    %or;
T_0.12;
    %and;
T_0.4;
    %flag_set/vec4 9;
    %flag_get/vec4 9;
    %jmp/0 T_0.3, 9;
    %load/vec4 v0x561d2d529a00_0;
    %pushi/vec4 8, 0, 32;
    %div/s;
    %pushi/vec4 2, 0, 32;
    %mod/s;
    %cmpi/ne 0, 0, 32;
    %flag_get/vec4 4;
    %jmp/0 T_0.16, 4;
    %load/vec4 v0x561d2d529860_0;
    %parti/s 1, 3, 3;
    %and;
T_0.16;
    %flag_set/vec4 9;
    %flag_get/vec4 9;
    %jmp/1 T_0.15, 9;
    %load/vec4 v0x561d2d529a00_0;
    %pushi/vec4 8, 0, 32;
    %div/s;
    %pushi/vec4 2, 0, 32;
    %mod/s;
    %nor/r;
    %flag_set/vec4 9;
    %flag_get/vec4 9;
    %jmp/0 T_0.17, 9;
    %load/vec4 v0x561d2d529860_0;
    %parti/s 1, 3, 3;
    %nor/r;
    %and;
T_0.17;
    %or;
T_0.15;
    %and;
T_0.3;
    %flag_set/vec4 8;
    %flag_get/vec4 8;
    %jmp/0 T_0.2, 8;
    %load/vec4 v0x561d2d529a00_0;
    %pushi/vec4 16, 0, 32;
    %div/s;
    %pushi/vec4 2, 0, 32;
    %mod/s;
    %cmpi/ne 0, 0, 32;
    %flag_get/vec4 4;
    %jmp/0 T_0.19, 4;
    %load/vec4 v0x561d2d529860_0;
    %parti/s 1, 4, 4;
    %and;
T_0.19;
    %flag_set/vec4 8;
    %flag_get/vec4 8;
    %jmp/1 T_0.18, 8;
    %load/vec4 v0x561d2d529a00_0;
    %pushi/vec4 16, 0, 32;
    %div/s;
    %pushi/vec4 2, 0, 32;
    %mod/s;
    %nor/r;
    %flag_set/vec4 8;
    %flag_get/vec4 8;
    %jmp/0 T_0.20, 8;
    %load/vec4 v0x561d2d529860_0;
    %parti/s 1, 4, 4;
    %nor/r;
    %and;
T_0.20;
    %or;
T_0.18;
    %and;
T_0.2;
    %ix/load 5, 0, 0;
    %ix/getv/s 4, v0x561d2d529a00_0;
    %assign/vec4/off/d v0x561d2d529940_0, 4, 5;
    %load/vec4 v0x561d2d529a00_0;
    %addi 1, 0, 32;
    %store/vec4 v0x561d2d529a00_0, 0, 32;
    %jmp T_0.0;
T_0.1 ;
    %jmp T_0;
    .thread T_0;
    .scope S_0x561d2d529df0;
T_1 ;
    %pushi/vec4 0, 0, 32;
    %store/vec4 v0x561d2d52a860_0, 0, 32;
T_1.0 ;
    %load/vec4 v0x561d2d52a860_0;
    %cmpi/s 32, 0, 32;
    %jmp/0xz T_1.1, 5;
    %pushi/vec4 0, 0, 32;
    %ix/getv/s 4, v0x561d2d52a860_0;
    %store/vec4a v0x561d2d52a150, 4, 0;
    %load/vec4 v0x561d2d52a860_0;
    %addi 1, 0, 32;
    %store/vec4 v0x561d2d52a860_0, 0, 32;
    %jmp T_1.0;
T_1.1 ;
    %end;
    .thread T_1;
    .scope S_0x561d2d529df0;
T_2 ;
    %wait E_0x561d2d508550;
    %load/vec4 v0x561d2d52acc0_0;
    %flag_set/vec4 8;
    %jmp/0xz  T_2.0, 8;
    %load/vec4 v0x561d2d52ad80_0;
    %load/vec4 v0x561d2d52ae60_0;
    %pad/u 7;
    %ix/vec4 3;
    %ix/load 4, 0, 0; Constant delay
    %assign/vec4/a/d v0x561d2d52a150, 0, 4;
T_2.0 ;
    %jmp T_2;
    .thread T_2;
    .scope S_0x561d2d502100;
T_3 ;
    %delay 5, 0;
    %load/vec4 v0x561d2d52bb30_0;
    %inv;
    %store/vec4 v0x561d2d52bb30_0, 0, 1;
    %jmp T_3;
    .thread T_3;
    .scope S_0x561d2d502100;
T_4 ;
    %pushi/vec4 0, 0, 1;
    %store/vec4 v0x561d2d52bb30_0, 0, 1;
    %pushi/vec4 0, 0, 32;
    %store/vec4 v0x561d2d52be50_0, 0, 32;
    %pushi/vec4 0, 0, 32;
    %store/vec4 v0x561d2d52bf10_0, 0, 32;
    %pushi/vec4 0, 0, 1;
    %store/vec4 v0x561d2d52b9a0_0, 0, 1;
    %pushi/vec4 1, 0, 1;
    %store/vec4 v0x561d2d52ba90_0, 0, 1;
    %vpi_call 2 117 "$monitor", "Time=%0t | clock=%b | Instr=%h | RegDst=%b | RegWrite=%b | WriteData=%d | Data1=%d | Data2=%d", $time, v0x561d2d52bb30_0, v0x561d2d52be50_0, v0x561d2d52b9a0_0, v0x561d2d52ba90_0, v0x561d2d52bf10_0, v0x561d2d52bc20_0, v0x561d2d52bd10_0 {0 0 0};
    %delay 10, 0;
    %pushi/vec4 65536, 0, 32;
    %store/vec4 v0x561d2d52be50_0, 0, 32;
    %pushi/vec4 500, 0, 32;
    %store/vec4 v0x561d2d52bf10_0, 0, 32;
    %pushi/vec4 1, 0, 1;
    %store/vec4 v0x561d2d52b9a0_0, 0, 1;
    %pushi/vec4 1, 0, 1;
    %store/vec4 v0x561d2d52ba90_0, 0, 1;
    %delay 10, 0;
    %pushi/vec4 65536, 0, 32;
    %store/vec4 v0x561d2d52be50_0, 0, 32;
    %pushi/vec4 500, 0, 32;
    %store/vec4 v0x561d2d52bf10_0, 0, 32;
    %pushi/vec4 1, 0, 1;
    %store/vec4 v0x561d2d52b9a0_0, 0, 1;
    %pushi/vec4 1, 0, 1;
    %store/vec4 v0x561d2d52ba90_0, 0, 1;
    %delay 10, 0;
    %pushi/vec4 0, 0, 1;
    %store/vec4 v0x561d2d52ba90_0, 0, 1;
    %pushi/vec4 500, 0, 32;
    %store/vec4 v0x561d2d52bf10_0, 0, 32;
    %delay 50, 0;
    %vpi_call 2 142 "$finish" {0 0 0};
    %end;
    .thread T_4;
# The file index is used to find the file name in the following table.
:file_names 3;
    "N/A";
    "<interactive>";
    "Registers_control.v";
