#! /usr/bin/vvp
:ivl_version "12.0 (stable)";
:ivl_delay_selection "TYPICAL";
:vpi_time_precision + 0;
:vpi_module "/usr/lib64/ivl/system.vpi";
:vpi_module "/usr/lib64/ivl/vhdl_sys.vpi";
:vpi_module "/usr/lib64/ivl/vhdl_textio.vpi";
:vpi_module "/usr/lib64/ivl/v2005_math.vpi";
:vpi_module "/usr/lib64/ivl/va_math.vpi";
S_0x5579e1537e30 .scope module, "Decoder" "Decoder" 2 1;
 .timescale 0 0;
    .port_info 0 /INPUT 6 "code";
    .port_info 1 /OUTPUT 64 "decoded";
    .port_info 2 /INPUT 1 "clock";
o0x7fbad0c79018 .functor BUFZ 1, C4<z>; HiZ drive
v0x5579e1539bc0_0 .net "clock", 0 0, o0x7fbad0c79018;  0 drivers
o0x7fbad0c79048 .functor BUFZ 6, C4<zzzzzz>; HiZ drive
v0x5579e1553220_0 .net "code", 5 0, o0x7fbad0c79048;  0 drivers
v0x5579e1553300_0 .var "decoded", 63 0;
v0x5579e15533c0_0 .var/i "i", 31 0;
E_0x5579e1530170 .event posedge, v0x5579e1539bc0_0;
S_0x5579e1538010 .scope module, "testMem" "testMem" 2 70;
 .timescale 0 0;
v0x5579e1554590_0 .var "PC", 31 0;
v0x5579e1554650_0 .var "clock", 0 0;
v0x5579e1554740_0 .net "out", 31 0, v0x5579e1553cd0_0;  1 drivers
S_0x5579e1553520 .scope module, "uut" "mem" 2 77, 2 51 0, S_0x5579e1538010;
 .timescale 0 0;
    .port_info 0 /INPUT 32 "PC";
    .port_info 1 /OUTPUT 32 "out";
    .port_info 2 /INPUT 1 "clock";
v0x5579e1554100_0 .net "PC", 31 0, v0x5579e1554590_0;  1 drivers
L_0x7fbad06cf018 .functor BUFT 1, C4<00000000000000000000000000>, C4<0>, C4<0>, C4<0>;
v0x5579e1554200_0 .net/2u *"_ivl_2", 25 0, L_0x7fbad06cf018;  1 drivers
v0x5579e15542e0_0 .net "clock", 0 0, v0x5579e1554650_0;  1 drivers
v0x5579e1554380_0 .net "out", 31 0, v0x5579e1553cd0_0;  alias, 1 drivers
v0x5579e1554420_0 .net "word_index", 5 0, L_0x5579e1554830;  1 drivers
L_0x5579e1554830 .part v0x5579e1554590_0, 2, 6;
L_0x5579e1564930 .concat [ 6 26 0 0], L_0x5579e1554830, L_0x7fbad06cf018;
S_0x5579e1553770 .scope module, "instruction_storage" "SRAM" 2 59, 2 22 0, S_0x5579e1553520;
 .timescale 0 0;
    .port_info 0 /INPUT 32 "address";
    .port_info 1 /OUTPUT 32 "dout";
    .port_info 2 /INPUT 32 "din";
    .port_info 3 /INPUT 1 "writeEnable";
    .port_info 4 /INPUT 1 "readEnable";
    .port_info 5 /INPUT 1 "clock";
v0x5579e1553a50_0 .net "address", 31 0, L_0x5579e1564930;  1 drivers
v0x5579e1553b50_0 .net "clock", 0 0, v0x5579e1554650_0;  alias, 1 drivers
L_0x7fbad06cf060 .functor BUFT 1, C4<00000000000000000000000000000000>, C4<0>, C4<0>, C4<0>;
v0x5579e1553c10_0 .net "din", 31 0, L_0x7fbad06cf060;  1 drivers
v0x5579e1553cd0_0 .var "dout", 31 0;
v0x5579e1553db0 .array "memory", 63 0, 31 0;
L_0x7fbad06cf0f0 .functor BUFT 1, C4<1>, C4<0>, C4<0>, C4<0>;
v0x5579e1553ec0_0 .net "readEnable", 0 0, L_0x7fbad06cf0f0;  1 drivers
L_0x7fbad06cf0a8 .functor BUFT 1, C4<0>, C4<0>, C4<0>, C4<0>;
v0x5579e1553f80_0 .net "writeEnable", 0 0, L_0x7fbad06cf0a8;  1 drivers
E_0x5579e15303e0 .event posedge, v0x5579e1553b50_0;
    .scope S_0x5579e1537e30;
T_0 ;
    %wait E_0x5579e1530170;
    %pushi/vec4 0, 0, 32;
    %store/vec4 v0x5579e15533c0_0, 0, 32;
T_0.0 ;
    %load/vec4 v0x5579e15533c0_0;
    %cmpi/s 64, 0, 32;
    %jmp/0xz T_0.1, 5;
    %load/vec4 v0x5579e15533c0_0;
    %pushi/vec4 2, 0, 32;
    %mod/s;
    %cmpi/ne 0, 0, 32;
    %flag_get/vec4 4;
    %jmp/0 T_0.8, 4;
    %load/vec4 v0x5579e1553220_0;
    %parti/s 1, 0, 2;
    %and;
T_0.8;
    %flag_set/vec4 12;
    %jmp/1 T_0.7, 12;
    %load/vec4 v0x5579e15533c0_0;
    %pushi/vec4 2, 0, 32;
    %mod/s;
    %nor/r;
    %flag_set/vec4 14;
    %flag_get/vec4 14;
    %jmp/0 T_0.9, 14;
    %load/vec4 v0x5579e1553220_0;
    %parti/s 1, 0, 2;
    %nor/r;
    %and;
T_0.9;
    %flag_set/vec4 13;
    %flag_or 12, 13;
T_0.7;
    %flag_get/vec4 12;
    %jmp/0 T_0.6, 12;
    %load/vec4 v0x5579e15533c0_0;
    %pushi/vec4 2, 0, 32;
    %div/s;
    %pushi/vec4 2, 0, 32;
    %mod/s;
    %cmpi/ne 0, 0, 32;
    %flag_get/vec4 4;
    %jmp/0 T_0.11, 4;
    %load/vec4 v0x5579e1553220_0;
    %parti/s 1, 1, 2;
    %and;
T_0.11;
    %flag_set/vec4 12;
    %flag_get/vec4 12;
    %jmp/1 T_0.10, 12;
    %load/vec4 v0x5579e15533c0_0;
    %pushi/vec4 2, 0, 32;
    %div/s;
    %pushi/vec4 2, 0, 32;
    %mod/s;
    %nor/r;
    %flag_set/vec4 12;
    %flag_get/vec4 12;
    %jmp/0 T_0.12, 12;
    %load/vec4 v0x5579e1553220_0;
    %parti/s 1, 1, 2;
    %nor/r;
    %and;
T_0.12;
    %or;
T_0.10;
    %and;
T_0.6;
    %flag_set/vec4 11;
    %flag_get/vec4 11;
    %jmp/0 T_0.5, 11;
    %load/vec4 v0x5579e15533c0_0;
    %pushi/vec4 4, 0, 32;
    %div/s;
    %pushi/vec4 2, 0, 32;
    %mod/s;
    %cmpi/ne 0, 0, 32;
    %flag_get/vec4 4;
    %jmp/0 T_0.14, 4;
    %load/vec4 v0x5579e1553220_0;
    %parti/s 1, 2, 3;
    %and;
T_0.14;
    %flag_set/vec4 11;
    %flag_get/vec4 11;
    %jmp/1 T_0.13, 11;
    %load/vec4 v0x5579e15533c0_0;
    %pushi/vec4 4, 0, 32;
    %div/s;
    %pushi/vec4 2, 0, 32;
    %mod/s;
    %nor/r;
    %flag_set/vec4 11;
    %flag_get/vec4 11;
    %jmp/0 T_0.15, 11;
    %load/vec4 v0x5579e1553220_0;
    %parti/s 1, 2, 3;
    %nor/r;
    %and;
T_0.15;
    %or;
T_0.13;
    %and;
T_0.5;
    %flag_set/vec4 10;
    %flag_get/vec4 10;
    %jmp/0 T_0.4, 10;
    %load/vec4 v0x5579e15533c0_0;
    %pushi/vec4 8, 0, 32;
    %div/s;
    %pushi/vec4 2, 0, 32;
    %mod/s;
    %cmpi/ne 0, 0, 32;
    %flag_get/vec4 4;
    %jmp/0 T_0.17, 4;
    %load/vec4 v0x5579e1553220_0;
    %parti/s 1, 3, 3;
    %and;
T_0.17;
    %flag_set/vec4 10;
    %flag_get/vec4 10;
    %jmp/1 T_0.16, 10;
    %load/vec4 v0x5579e15533c0_0;
    %pushi/vec4 8, 0, 32;
    %div/s;
    %pushi/vec4 2, 0, 32;
    %mod/s;
    %nor/r;
    %flag_set/vec4 10;
    %flag_get/vec4 10;
    %jmp/0 T_0.18, 10;
    %load/vec4 v0x5579e1553220_0;
    %parti/s 1, 3, 3;
    %nor/r;
    %and;
T_0.18;
    %or;
T_0.16;
    %and;
T_0.4;
    %flag_set/vec4 9;
    %flag_get/vec4 9;
    %jmp/0 T_0.3, 9;
    %load/vec4 v0x5579e15533c0_0;
    %pushi/vec4 16, 0, 32;
    %div/s;
    %pushi/vec4 2, 0, 32;
    %mod/s;
    %cmpi/ne 0, 0, 32;
    %flag_get/vec4 4;
    %jmp/0 T_0.20, 4;
    %load/vec4 v0x5579e1553220_0;
    %parti/s 1, 4, 4;
    %and;
T_0.20;
    %flag_set/vec4 9;
    %flag_get/vec4 9;
    %jmp/1 T_0.19, 9;
    %load/vec4 v0x5579e15533c0_0;
    %pushi/vec4 16, 0, 32;
    %div/s;
    %pushi/vec4 2, 0, 32;
    %mod/s;
    %nor/r;
    %flag_set/vec4 9;
    %flag_get/vec4 9;
    %jmp/0 T_0.21, 9;
    %load/vec4 v0x5579e1553220_0;
    %parti/s 1, 4, 4;
    %nor/r;
    %and;
T_0.21;
    %or;
T_0.19;
    %and;
T_0.3;
    %flag_set/vec4 8;
    %flag_get/vec4 8;
    %jmp/0 T_0.2, 8;
    %load/vec4 v0x5579e15533c0_0;
    %pushi/vec4 32, 0, 32;
    %div/s;
    %pushi/vec4 2, 0, 32;
    %mod/s;
    %cmpi/ne 0, 0, 32;
    %flag_get/vec4 4;
    %jmp/0 T_0.23, 4;
    %load/vec4 v0x5579e1553220_0;
    %parti/s 1, 5, 4;
    %and;
T_0.23;
    %flag_set/vec4 8;
    %flag_get/vec4 8;
    %jmp/1 T_0.22, 8;
    %load/vec4 v0x5579e15533c0_0;
    %pushi/vec4 32, 0, 32;
    %div/s;
    %pushi/vec4 2, 0, 32;
    %mod/s;
    %nor/r;
    %flag_set/vec4 8;
    %flag_get/vec4 8;
    %jmp/0 T_0.24, 8;
    %load/vec4 v0x5579e1553220_0;
    %parti/s 1, 5, 4;
    %nor/r;
    %and;
T_0.24;
    %or;
T_0.22;
    %and;
T_0.2;
    %ix/load 5, 0, 0;
    %ix/getv/s 4, v0x5579e15533c0_0;
    %assign/vec4/off/d v0x5579e1553300_0, 4, 5;
    %load/vec4 v0x5579e15533c0_0;
    %addi 1, 0, 32;
    %store/vec4 v0x5579e15533c0_0, 0, 32;
    %jmp T_0.0;
T_0.1 ;
    %jmp T_0;
    .thread T_0;
    .scope S_0x5579e1553770;
T_1 ;
    %vpi_call 2 36 "$readmemb", "test.mem", v0x5579e1553db0 {0 0 0};
    %end;
    .thread T_1;
    .scope S_0x5579e1553770;
T_2 ;
    %wait E_0x5579e15303e0;
    %load/vec4 v0x5579e1553f80_0;
    %flag_set/vec4 8;
    %jmp/0xz  T_2.0, 8;
    %load/vec4 v0x5579e1553c10_0;
    %load/vec4 v0x5579e1553a50_0;
    %parti/s 6, 0, 2;
    %pad/u 8;
    %ix/vec4 3;
    %ix/load 4, 0, 0; Constant delay
    %assign/vec4/a/d v0x5579e1553db0, 0, 4;
T_2.0 ;
    %load/vec4 v0x5579e1553ec0_0;
    %flag_set/vec4 8;
    %jmp/0xz  T_2.2, 8;
    %load/vec4 v0x5579e1553a50_0;
    %parti/s 6, 0, 2;
    %pad/u 8;
    %ix/vec4 4;
    %load/vec4a v0x5579e1553db0, 4;
    %assign/vec4 v0x5579e1553cd0_0, 0;
T_2.2 ;
    %jmp T_2;
    .thread T_2;
    .scope S_0x5579e1538010;
T_3 ;
    %delay 5, 0;
    %load/vec4 v0x5579e1554650_0;
    %inv;
    %store/vec4 v0x5579e1554650_0, 0, 1;
    %jmp T_3;
    .thread T_3;
    .scope S_0x5579e1538010;
T_4 ;
    %pushi/vec4 0, 0, 1;
    %store/vec4 v0x5579e1554650_0, 0, 1;
    %pushi/vec4 0, 0, 32;
    %store/vec4 v0x5579e1554590_0, 0, 32;
    %vpi_call 2 93 "$monitor", "Time=%0t | PC=%d | Instruction(out)=%b", $time, v0x5579e1554590_0, v0x5579e1554740_0 {0 0 0};
    %delay 10, 0;
    %pushi/vec4 5, 0, 32;
T_4.0 %dup/vec4;
    %pushi/vec4 0, 0, 32;
    %cmp/s;
    %jmp/1xz T_4.1, 5;
    %jmp/1 T_4.1, 4;
    %pushi/vec4 1, 0, 32;
    %sub;
    %delay 10, 0;
    %load/vec4 v0x5579e1554590_0;
    %addi 4, 0, 32;
    %store/vec4 v0x5579e1554590_0, 0, 32;
    %jmp T_4.0;
T_4.1 ;
    %pop/vec4 1;
    %delay 20, 0;
    %vpi_call 2 104 "$finish" {0 0 0};
    %end;
    .thread T_4;
# The file index is used to find the file name in the following table.
:file_names 3;
    "N/A";
    "<interactive>";
    "Memory.v";
