\begin{center}
\begin{tikzpicture}
\draw[line width=0.04cm,black] (0,0) to  (3,-1) to  (4.5,0.8) to  (4,2) to  (2,3) to  (0.5,2.5) to  (-1,1) to  (0,0);
\draw[line width=0.04cm,red] (0,0) to  (4,2);
\draw[line width=0.04cm,red] (4,2) to  (-1,1);

\fill[black] (0.0, 0.0) circle (0.08);
\draw[black] (0.0, 0.0) circle (0.08);
\node[anchor=east] at (-0.08,0)   {$p_0$};

\fill[black] (3.0, -1.0) circle (0.08);
\draw[black] (3.0, -1.0) circle (0.08);
\node[anchor=north] at (3,-1.08)   {$p_1$};

\fill[black] (4.5, 0.8) circle (0.08);
\draw[black] (4.5, 0.8) circle (0.08);
\node[anchor=west] at (4.58,0.8)   {$p_2$};

\fill[black] (4.0, 2.0) circle (0.08);
\draw[black] (4.0, 2.0) circle (0.08);
\node[anchor=south west] at (4.08,2.08)   {$p_3$};

\fill[black] (2.0, 3.0) circle (0.08);
\draw[black] (2.0, 3.0) circle (0.08);
\node[anchor=south] at (2,3.08)   {$p_4$};

\fill[black] (0.5, 2.5) circle (0.08);
\draw[black] (0.5, 2.5) circle (0.08);
\node[anchor=south east] at (0.42,2.58)   {$p_5$};

\fill[black] (-1.0, 1.0) circle (0.08);
\draw[black] (-1.0, 1.0) circle (0.08);
\node[anchor=east] at (-1.08,1)   {$p_6$};
\end{tikzpicture}

\end{center}

