#! /usr/bin/vvp
:ivl_version "12.0 (stable)";
:ivl_delay_selection "TYPICAL";
:vpi_time_precision + 0;
:vpi_module "/usr/lib64/ivl/system.vpi";
:vpi_module "/usr/lib64/ivl/vhdl_sys.vpi";
:vpi_module "/usr/lib64/ivl/vhdl_textio.vpi";
:vpi_module "/usr/lib64/ivl/v2005_math.vpi";
:vpi_module "/usr/lib64/ivl/va_math.vpi";
S_0x5601e20196b0 .scope module, "smallALU_tb" "smallALU_tb" 2 80;
 .timescale 0 0;
v0x5601e2038db0_0 .var "a", 31 0;
v0x5601e2038ee0_0 .var "b", 31 0;
v0x5601e2038fa0_0 .var "clock", 0 0;
v0x5601e2039040_0 .var "op", 0 0;
v0x5601e20390e0_0 .net "sum", 31 0, v0x5601e2037770_0;  1 drivers
S_0x5601e2019840 .scope module, "testALU" "smallALU" 2 122, 2 64 0, S_0x5601e20196b0;
 .timescale 0 0;
    .port_info 0 /INPUT 32 "a";
    .port_info 1 /INPUT 32 "b";
    .port_info 2 /INPUT 1 "op";
    .port_info 3 /OUTPUT 32 "result";
    .port_info 4 /INPUT 1 "clock";
v0x5601e2038720_0 .net "a", 31 0, v0x5601e2038db0_0;  1 drivers
v0x5601e20387e0_0 .net "b", 31 0, v0x5601e2038ee0_0;  1 drivers
v0x5601e20388d0_0 .net "clock", 0 0, v0x5601e2038fa0_0;  1 drivers
v0x5601e2038970_0 .net "op", 0 0, v0x5601e2039040_0;  1 drivers
v0x5601e2038a40_0 .net "result", 31 0, v0x5601e2037770_0;  alias, 1 drivers
v0x5601e2038b30_0 .net "rhs", 31 0, v0x5601e2037dd0_0;  1 drivers
v0x5601e2038c20_0 .net "twos_b", 31 0, v0x5601e20385b0_0;  1 drivers
S_0x5601e201c520 .scope module, "add1" "adder" 2 77, 2 21 0, S_0x5601e2019840;
 .timescale 0 0;
    .port_info 0 /INPUT 32 "a";
    .port_info 1 /INPUT 32 "b";
    .port_info 2 /OUTPUT 32 "sum";
    .port_info 3 /INPUT 1 "clock";
v0x5601e2005470_0 .net "a", 31 0, v0x5601e2038db0_0;  alias, 1 drivers
v0x5601e20064f0_0 .net "b", 31 0, v0x5601e2037dd0_0;  alias, 1 drivers
v0x5601e20374e0_0 .var "carry", 0 0;
v0x5601e2037580_0 .net "clock", 0 0, v0x5601e2038fa0_0;  alias, 1 drivers
v0x5601e2037640_0 .var/i "i", 31 0;
v0x5601e2037770_0 .var "sum", 31 0;
E_0x5601e2017060 .event posedge, v0x5601e2037580_0;
S_0x5601e20378d0 .scope module, "choice" "mux" 2 76, 2 46 0, S_0x5601e2019840;
 .timescale 0 0;
    .port_info 0 /INPUT 32 "a";
    .port_info 1 /INPUT 32 "b";
    .port_info 2 /INPUT 1 "s";
    .port_info 3 /OUTPUT 32 "out";
    .port_info 4 /INPUT 1 "clock";
v0x5601e2037ad0_0 .net "a", 31 0, v0x5601e2038ee0_0;  alias, 1 drivers
v0x5601e2037bb0_0 .net "b", 31 0, v0x5601e20385b0_0;  alias, 1 drivers
v0x5601e2037c90_0 .net "clock", 0 0, v0x5601e2038fa0_0;  alias, 1 drivers
v0x5601e2037d30_0 .var/i "i", 31 0;
v0x5601e2037dd0_0 .var "out", 31 0;
v0x5601e2037ee0_0 .net "s", 0 0, v0x5601e2039040_0;  alias, 1 drivers
S_0x5601e2038020 .scope module, "twos" "twoscomplement" 2 75, 2 1 0, S_0x5601e2019840;
 .timescale 0 0;
    .port_info 0 /INPUT 32 "b";
    .port_info 1 /OUTPUT 32 "out";
    .port_info 2 /INPUT 1 "clock";
v0x5601e2038250_0 .net "b", 31 0, v0x5601e2038ee0_0;  alias, 1 drivers
v0x5601e2038330_0 .var "carry", 0 0;
v0x5601e20383d0_0 .net "clock", 0 0, v0x5601e2038fa0_0;  alias, 1 drivers
v0x5601e20384f0_0 .var/i "i", 31 0;
v0x5601e20385b0_0 .var "out", 31 0;
    .scope S_0x5601e2038020;
T_0 ;
    %wait E_0x5601e2017060;
    %pushi/vec4 1, 0, 1;
    %store/vec4 v0x5601e2038330_0, 0, 1;
    %pushi/vec4 0, 0, 32;
    %store/vec4 v0x5601e20384f0_0, 0, 32;
T_0.0 ;
    %load/vec4 v0x5601e20384f0_0;
    %cmpi/s 32, 0, 32;
    %jmp/0xz T_0.1, 5;
    %load/vec4 v0x5601e2038250_0;
    %load/vec4 v0x5601e20384f0_0;
    %part/s 1;
    %nor/r;
    %load/vec4 v0x5601e2038330_0;
    %xor;
    %ix/getv/s 4, v0x5601e20384f0_0;
    %store/vec4 v0x5601e20385b0_0, 4, 1;
    %load/vec4 v0x5601e2038330_0;
    %load/vec4 v0x5601e2038250_0;
    %load/vec4 v0x5601e20384f0_0;
    %part/s 1;
    %nor/r;
    %and;
    %store/vec4 v0x5601e2038330_0, 0, 1;
    %load/vec4 v0x5601e20384f0_0;
    %addi 1, 0, 32;
    %store/vec4 v0x5601e20384f0_0, 0, 32;
    %jmp T_0.0;
T_0.1 ;
    %jmp T_0;
    .thread T_0;
    .scope S_0x5601e20378d0;
T_1 ;
    %wait E_0x5601e2017060;
    %pushi/vec4 0, 0, 32;
    %store/vec4 v0x5601e2037dd0_0, 0, 32;
    %pushi/vec4 0, 0, 32;
    %store/vec4 v0x5601e2037d30_0, 0, 32;
T_1.0 ;
    %load/vec4 v0x5601e2037d30_0;
    %cmpi/s 32, 0, 32;
    %jmp/0xz T_1.1, 5;
    %load/vec4 v0x5601e2037ad0_0;
    %load/vec4 v0x5601e2037d30_0;
    %part/s 1;
    %load/vec4 v0x5601e2037ee0_0;
    %nor/r;
    %and;
    %load/vec4 v0x5601e2037bb0_0;
    %load/vec4 v0x5601e2037d30_0;
    %part/s 1;
    %load/vec4 v0x5601e2037ee0_0;
    %and;
    %or;
    %ix/getv/s 4, v0x5601e2037d30_0;
    %store/vec4 v0x5601e2037dd0_0, 4, 1;
    %load/vec4 v0x5601e2037d30_0;
    %addi 1, 0, 32;
    %store/vec4 v0x5601e2037d30_0, 0, 32;
    %jmp T_1.0;
T_1.1 ;
    %jmp T_1;
    .thread T_1;
    .scope S_0x5601e201c520;
T_2 ;
    %wait E_0x5601e2017060;
    %pushi/vec4 0, 0, 1;
    %store/vec4 v0x5601e20374e0_0, 0, 1;
    %pushi/vec4 0, 0, 32;
    %store/vec4 v0x5601e2037640_0, 0, 32;
T_2.0 ;
    %load/vec4 v0x5601e2037640_0;
    %cmpi/s 32, 0, 32;
    %jmp/0xz T_2.1, 5;
    %load/vec4 v0x5601e2005470_0;
    %load/vec4 v0x5601e2037640_0;
    %part/s 1;
    %load/vec4 v0x5601e20064f0_0;
    %load/vec4 v0x5601e2037640_0;
    %part/s 1;
    %xor;
    %load/vec4 v0x5601e20374e0_0;
    %xor;
    %ix/getv/s 4, v0x5601e2037640_0;
    %store/vec4 v0x5601e2037770_0, 4, 1;
    %load/vec4 v0x5601e2005470_0;
    %load/vec4 v0x5601e2037640_0;
    %part/s 1;
    %load/vec4 v0x5601e20064f0_0;
    %load/vec4 v0x5601e2037640_0;
    %part/s 1;
    %and;
    %load/vec4 v0x5601e2005470_0;
    %load/vec4 v0x5601e2037640_0;
    %part/s 1;
    %load/vec4 v0x5601e20064f0_0;
    %load/vec4 v0x5601e2037640_0;
    %part/s 1;
    %xor;
    %load/vec4 v0x5601e20374e0_0;
    %and;
    %or;
    %store/vec4 v0x5601e20374e0_0, 0, 1;
    %load/vec4 v0x5601e2037640_0;
    %addi 1, 0, 32;
    %store/vec4 v0x5601e2037640_0, 0, 32;
    %jmp T_2.0;
T_2.1 ;
    %jmp T_2;
    .thread T_2;
    .scope S_0x5601e20196b0;
T_3 ;
    %vpi_call 2 94 "$monitor", "time=%0t | a=%d b=%d op=%d sum=%d clock=%b", $time, v0x5601e2038db0_0, v0x5601e2038ee0_0, v0x5601e2039040_0, v0x5601e20390e0_0, v0x5601e2038fa0_0 {0 0 0};
    %pushi/vec4 0, 0, 1;
    %store/vec4 v0x5601e2038fa0_0, 0, 1;
    %delay 5, 0;
    %pushi/vec4 50, 0, 32;
    %store/vec4 v0x5601e2038db0_0, 0, 32;
    %delay 5, 0;
    %pushi/vec4 100, 0, 32;
    %store/vec4 v0x5601e2038ee0_0, 0, 32;
    %delay 5, 0;
    %pushi/vec4 0, 0, 1;
    %store/vec4 v0x5601e2039040_0, 0, 1;
    %delay 12, 0;
    %vpi_call 2 115 "$finish" {0 0 0};
    %end;
    .thread T_3;
    .scope S_0x5601e20196b0;
T_4 ;
    %delay 5, 0;
    %load/vec4 v0x5601e2038fa0_0;
    %inv;
    %store/vec4 v0x5601e2038fa0_0, 0, 1;
    %jmp T_4;
    .thread T_4;
# The file index is used to find the file name in the following table.
:file_names 3;
    "N/A";
    "<interactive>";
    "ALU.v";
